2026-05-30 20:51:57 10941 mysqld_safe Starting mysqld daemon with databases from /home/seaman/UIU-HealthCare/mysql_data
2026-05-30 20:51:57 0 [Note] Starting MariaDB 10.4.32-MariaDB source revision c4143f909528e3fab0677a28631d10389354c491 as process 11029
2026-05-30 20:51:57 0 [Note] InnoDB: Mutexes and rw_locks use GCC atomic builtins
2026-05-30 20:51:57 0 [Note] InnoDB: Uses event mutexes
2026-05-30 20:51:57 0 [Note] InnoDB: Compressed tables use zlib 1.2.11
2026-05-30 20:51:57 0 [Note] InnoDB: Number of pools: 1
2026-05-30 20:51:57 0 [Note] InnoDB: Using SSE2 crc32 instructions
2026-05-30 20:51:57 0 [Note] InnoDB: Initializing buffer pool, total size = 128M, instances = 1, chunk size = 128M
2026-05-30 20:51:57 0 [Note] InnoDB: Completed initialization of buffer pool
2026-05-30 20:51:57 0 [Note] InnoDB: If the mysqld execution user is authorized, page cleaner thread priority can be changed. See the man page of setpriority().
2026-05-30 20:51:57 0 [Note] InnoDB: 128 out of 128 rollback segments are active.
2026-05-30 20:51:57 0 [Note] InnoDB: Creating shared tablespace for temporary tables
2026-05-30 20:51:57 0 [Note] InnoDB: Setting file './ibtmp1' size to 12 MB. Physically writing the file full; Please wait ...
2026-05-30 20:51:57 0 [Note] InnoDB: File './ibtmp1' size is now 12 MB.
2026-05-30 20:51:57 0 [Note] InnoDB: 10.4.32 started; log sequence number 60952; transaction id 20
2026-05-30 20:51:57 0 [Note] InnoDB: Loading buffer pool(s) from /home/seaman/UIU-HealthCare/mysql_data/ib_buffer_pool
2026-05-30 20:51:57 0 [Note] Plugin 'FEEDBACK' is disabled.
2026-05-30 20:51:57 0 [Note] InnoDB: Buffer pool(s) load completed at 260530 20:51:57
2026-05-30 20:51:57 0 [Note] Server socket created on IP: '::'.
2026-05-30 20:51:57 0 [Note] Reading of all Master_info entries succeeded
2026-05-30 20:51:57 0 [Note] Added new Master_info '' to hash table
2026-05-30 20:51:57 0 [Note] /opt/lampp/sbin/mysqld: ready for connections.
Version: '10.4.32-MariaDB'  socket: '/home/seaman/UIU-HealthCare/mysql_data/mysql.sock'  port: 3306  Source distribution
2026-05-30 20:52:06 8 [Warning] Access denied for user 'root'@'localhost'
2026-05-30 20:52:30 0 [Note] /opt/lampp/sbin/mysqld (initiated by: seaman[seaman] @ localhost []): Normal shutdown
2026-05-30 20:52:30 0 [Note] Event Scheduler: Purging the queue. 0 events
2026-05-30 20:52:30 0 [Note] InnoDB: FTS optimize thread exiting.
2026-05-30 20:52:30 0 [Note] InnoDB: Starting shutdown...
2026-05-30 20:52:30 0 [Note] InnoDB: Dumping buffer pool(s) to /home/seaman/UIU-HealthCare/mysql_data/ib_buffer_pool
2026-05-30 20:52:30 0 [Note] InnoDB: Buffer pool(s) dump completed at 260530 20:52:30
2026-05-30 20:52:32 0 [Note] InnoDB: Removed temporary tablespace data file: "ibtmp1"
2026-05-30 20:52:32 0 [Note] InnoDB: Shutdown completed; log sequence number 60961; transaction id 21
2026-05-30 20:52:32 0 [Note] /opt/lampp/sbin/mysqld: Shutdown complete

2026-05-30 20:52:32 10941 mysqld_safe mysqld from pid file /home/seaman/UIU-HealthCare/mysql_data/mysql.pid ended
